// Jest Snapshot v1, https://goo.gl/fbAQLP

exports[`Render Price 1`] = `
<DocumentFragment>
  <fieldset
    class="catalog-filter__block"
  >
    <legend
      class="title title--h5"
    >
      Цена, ₽
    </legend>
    <div
      class="catalog-filter__price-range"
    >
      <div
        class="custom-input"
      >
        <label>
          <input
            data-testid="minPrice-test"
            id="minPrice"
            name="price"
            placeholder="от"
            type="number"
            value=""
          />
        </label>
      </div>
      <div
        class="custom-input"
      >
        <label>
          <input
            data-testid="maxPrice-test"
            id="maxPrice"
            name="priceUp"
            placeholder="до"
            type="number"
            value=""
          />
        </label>
      </div>
    </div>
  </fieldset>
</DocumentFragment>
`;
