// Jest Snapshot v1, https://goo.gl/fbAQLP

exports[`SVG renders correctly 1`] = `[Function]`;
