// Jest Snapshot v1, https://goo.gl/fbAQLP

exports[`Render BasketList 1`] = `
<DocumentFragment>
  <ul
    class="basket__list"
  />
</DocumentFragment>
`;
