// Jest Snapshot v1, https://goo.gl/fbAQLP

exports[`Render Simiar 1`] = `
<DocumentFragment>
  <div
    class="page-content__section"
  >
    <section
      class="product-similar"
    >
      <div
        class="container"
      >
        <h2
          class="title title--h3"
        >
          Похожие товары
        </h2>
        <div
          class="product-similar__slider"
        >
          <div
            class="product-similar__slider-list"
          />
          <button
            aria-label="Предыдущий слайд"
            class="slider-controls slider-controls--prev"
            data-testid="slider-controls--prev-test"
            disabled=""
            type="button"
          >
            <svg
              aria-hidden="true"
              height="12"
              width="7"
            >
              <use
                xlink:href="#icon-arrow"
              />
            </svg>
          </button>
          <button
            aria-label="Следующий слайд"
            class="slider-controls slider-controls--next"
            data-testid="slider-controls--next-test"
            disabled=""
            type="button"
          >
            <svg
              aria-hidden="true"
              height="12"
              width="7"
            >
              <use
                xlink:href="#icon-arrow"
              />
            </svg>
          </button>
        </div>
      </div>
    </section>
  </div>
</DocumentFragment>
`;
