// Jest Snapshot v1, https://goo.gl/fbAQLP

exports[`Render BasketSummary 1`] = `
<DocumentFragment>
  <div
    class="basket__summary"
  >
    <div
      class="basket__promo"
    >
      <p
        class="title title--h4"
      >
        Если у вас есть промокод на скидку, примените его в этом поле
      </p>
      <div
        class="basket-form"
      >
        <form
          action="#"
        >
          <div
            class="custom-input"
          >
            <label>
              <span
                class="custom-input__label"
              >
                Промокод
              </span>
              <input
                name="promo"
                placeholder="Введите промокод"
                type="text"
              />
            </label>
            <p
              class="custom-input__error"
            >
              Промокод неверный
            </p>
            <p
              class="custom-input__success"
            >
              Промокод принят!
            </p>
          </div>
          <button
            class="btn"
            type="submit"
          >
            Применить
          </button>
        </form>
      </div>
    </div>
    <div
      class="basket__summary-order"
    >
      <p
        class="basket__summary-item"
      >
        <span
          class="basket__summary-text"
        >
          Всего:
        </span>
        <span
          class="basket__summary-value"
        >
          111 390 ₽
        </span>
      </p>
      <p
        class="basket__summary-item"
      >
        <span
          class="basket__summary-text"
        >
          Скидка:
        </span>
        <span
          class="basket__summary-value basket__summary-value--bonus"
        >
          0 ₽
        </span>
      </p>
      <p
        class="basket__summary-item"
      >
        <span
          class="basket__summary-text basket__summary-text--total"
        >
          К оплате:
        </span>
        <span
          class="basket__summary-value basket__summary-value--total"
        >
          111 390 ₽
        </span>
      </p>
      <button
        class="btn btn--purple"
        type="submit"
      >
        Оформить заказ
      </button>
    </div>
  </div>
</DocumentFragment>
`;
