// Jest Snapshot v1, https://goo.gl/fbAQLP

exports[`Not-found renders correctly 1`] = `[Function]`;
