// Jest Snapshot v1, https://goo.gl/fbAQLP

exports[`Render Category 1`] = `
<DocumentFragment>
  <fieldset
    class="catalog-filter__block"
  >
    <legend
      class="title title--h5"
    >
      Категория
    </legend>
    <div
      class="custom-checkbox catalog-filter__item"
    >
      <label>
        <input
          data-testid="photocamera-test"
          name="photocamera"
          type="checkbox"
        />
        <span
          class="custom-checkbox__icon"
        />
        <span
          class="custom-checkbox__label"
        >
          Фотокамера
        </span>
      </label>
    </div>
    <div
      class="custom-checkbox catalog-filter__item"
    >
      <label>
        <input
          data-testid="videocamera-test"
          name="videocamera"
          type="checkbox"
        />
        <span
          class="custom-checkbox__icon"
        />
        <span
          class="custom-checkbox__label"
        >
          Видеокамера
        </span>
      </label>
    </div>
  </fieldset>
</DocumentFragment>
`;
