// Jest Snapshot v1, https://goo.gl/fbAQLP

exports[`Render ModalBasketSuccess 1`] = `
<DocumentFragment>
  <div
    class="modal is-active modal--narrow"
  >
    <div
      class="modal__wrapper"
    >
      <div
        class="modal__overlay"
        data-testid="overlay-test"
      />
      <div
        class="modal__content"
      >
        <p
          class="title title--h4"
        >
          Спасибо за покупку
        </p>
        <svg
          aria-hidden="true"
          class="modal__icon"
          height="78"
          width="80"
        >
          <use
            xlink:href="#icon-review-success"
          />
        </svg>
        <div
          class="modal__buttons"
        >
          <button
            class="btn btn--purple modal__btn modal__btn--fit-width"
            data-testid="continue-purchases-test"
            id="continue-purchases"
            type="button"
          >
            Вернуться к покупкам
          </button>
        </div>
        <button
          aria-label="Закрыть попап"
          class="cross-btn"
          data-testid="cross-btn-test"
          type="button"
        >
          <svg
            aria-hidden="true"
            height="10"
            width="10"
          >
            <use
              xlink:href="#icon-close"
            />
          </svg>
        </button>
      </div>
    </div>
  </div>
</DocumentFragment>
`;
