// Jest Snapshot v1, https://goo.gl/fbAQLP

exports[`Render Level 1`] = `
<DocumentFragment>
  <fieldset
    class="catalog-filter__block"
  >
    <legend
      class="title title--h5"
    >
      Уровень
    </legend>
    <div
      class="custom-checkbox catalog-filter__item"
    >
      <label>
        <input
          data-testid="level-zero-test"
          name="zero"
          type="checkbox"
        />
        <span
          class="custom-checkbox__icon"
        />
        <span
          class="custom-checkbox__label"
        >
          Нулевой
        </span>
      </label>
    </div>
    <div
      class="custom-checkbox catalog-filter__item"
    >
      <label>
        <input
          data-testid="level-amateur-test"
          name="non-professional"
          type="checkbox"
        />
        <span
          class="custom-checkbox__icon"
        />
        <span
          class="custom-checkbox__label"
        >
          Любительский
        </span>
      </label>
    </div>
    <div
      class="custom-checkbox catalog-filter__item"
    >
      <label>
        <input
          data-testid="level-pro-test"
          name="professional"
          type="checkbox"
        />
        <span
          class="custom-checkbox__icon"
        />
        <span
          class="custom-checkbox__label"
        >
          Профессиональный
        </span>
      </label>
    </div>
  </fieldset>
</DocumentFragment>
`;
