// Jest Snapshot v1, https://goo.gl/fbAQLP

exports[`Render ModalRemoveItem 1`] = `
<DocumentFragment>
  <div
    class="modal is-active"
  >
    <div
      class="modal__wrapper"
    >
      <div
        class="modal__overlay"
        data-testid="overlay-test"
      />
      <div
        class="modal__content"
      >
        <p
          class="title title--h4"
        >
          Удалить этот товар?
        </p>
        <div
          class="basket-item basket-item--short"
        >
          <div
            class="basket-item__img"
          >
            <picture>
              <source
                srcset="img/content/look-identify.webp, img/content/look-identify@2x.webp"
                type="image/webp"
              />
              <img
                alt="Фотоаппарат «Орлёнок»"
                height="120"
                src="img/content/look-identify.jpg"
                srcset="img/content/look-identify@2x.jpg"
                width="140"
              />
            </picture>
          </div>
          <div
            class="basket-item__description"
          >
            <p
              class="basket-item__title"
            >
              Look Identify1
            </p>
            <ul
              class="basket-item__list"
            >
              <li
                class="basket-item__list-item"
              >
                <span
                  class="basket-item__article"
                >
                  Артикул:
                </span>
                 
                <span
                  class="basket-item__number"
                >
                  LD2352000
                </span>
              </li>
              <li
                class="basket-item__list-item"
              >
                Фотоаппарат
              </li>
              <li
                class="basket-item__list-item"
              >
                Нулевой уровень
              </li>
            </ul>
            <p
              class="basket-item__price"
            >
              <span
                class="visually-hidden"
              >
                Цена:
              </span>
              126 000 ₽
            </p>
          </div>
        </div>
        <div
          class="modal__buttons"
        >
          <button
            class="btn btn--purple modal__btn modal__btn--half-width"
            data-testid="remove-button-test"
            id="remove-item"
            type="button"
          >
            Удалить
          </button>
          <a
            class="btn btn--transparent modal__btn modal__btn--half-width"
            data-testid="continue-purchases-test"
            href="/"
          >
            Продолжить покупки
          </a>
        </div>
        <button
          aria-label="Закрыть попап"
          class="cross-btn"
          data-testid="cross-btn-test"
          type="button"
        >
          <svg
            aria-hidden="true"
            height="10"
            width="10"
          >
            <use
              xlink:href="#icon-close"
            />
          </svg>
        </button>
      </div>
    </div>
  </div>
</DocumentFragment>
`;
